00;0060;GRAVE ACCENT
01;00B4;ACUTE ACCENT
02;02C6;MODIFIER LETTER CIRCUMFLEX ACCENT
03;02DC;SMALL TILDE
04;00A8;DIAERESIS
05;02DD;DOUBLE ACUTE ACCENT
06;02DA;RING ABOVE
07;02C7;CARON
08;02D8;BREVE
09;00AF;MACRON
0A;02D9;DOT ABOVE
0B;00B8;CEDILLA
0C;02DB;OGONEK
0D;04C0;CYRILLIC LETTER PALOCHKA
0E;2329;LEFT-POINTING ANGLE BRACKET
0F;232A;RIGHT-POINTING ANGLE BRACKET
10;201C;LEFT DOUBLE QUOTATION MARK
11;201D;RIGHT DOUBLE QUOTATION MARK
12;F6D5;CYRILLIC CIRCUMFLEX
# 12;F6D2;CAPITAL CYRILLIC CIRCUMFLEX
13;F6D6;DOUBLE GRAVE ACCENT
# 13;F6D3;CAPITAL DOUBLE GRAVE ACCENT
# 13;030F;COMBINING DOUBLE GRAVE ACCENT
14;F6D4;CYRILLIC BREVE
# 14;F6D1;CAPITAL CYRILLIC BREVE
15;2013;EN DASH
16;2014;EM DASH
# 16;;CYRILLIC EM DASH
17;FEFF;ZERO WIDTH NO-BREAK SPACE
# 17;;COMPOUND WORD MARK
18;;PERTHOUSAND ZERO
# 18;2080;SUBSCRIPT ZERO
19;0131;LATIN SMALL LETTER DOTLESS I
1A;;LATIN SMALL LETTER DOTLESS J
1B;FB00;LATIN SMALL LIGATURE FF
1C;FB01;LATIN SMALL LIGATURE FI
1D;FB02;LATIN SMALL LIGATURE FL
1E;FB03;LATIN SMALL LIGATURE FFI
1F;FB04;LATIN SMALL LIGATURE FFL
20;;BLANK-SPACE SIGN
# 20;2423;OPEN BOX
21;0021;EXCLAMATION MARK
22;0022;QUOTATION MARK
23;0023;NUMBER SIGN
24;0024;DOLLAR SIGN
25;0025;PERCENT SIGN
26;0026;AMPERSAND
27;2019;RIGHT SINGLE QUOTATION MARK
# 27;0027;APOSTROPHE
28;0028;LEFT PARENTHESIS
29;0029;RIGHT PARENTHESIS
2A;002A;ASTERISK
2B;002B;PLUS SIGN
2C;002C;COMMA
2D;002D;HYPHEN-MINUS
2E;002E;FULL STOP
2F;002F;SOLIDUS
30;0030;DIGIT ZERO
31;0031;DIGIT ONE
32;0032;DIGIT TWO
33;0033;DIGIT THREE
34;0034;DIGIT FOUR
35;0035;DIGIT FIVE
36;0036;DIGIT SIX
37;0037;DIGIT SEVEN
38;0038;DIGIT EIGHT
39;0039;DIGIT NINE
3A;003A;COLON
3B;003B;SEMICOLON
3C;003C;LESS-THAN SIGN
3D;003D;EQUALS SIGN
3E;003E;GREATER-THAN SIGN
3F;003F;QUESTION MARK
40;0040;COMMERCIAL AT
41;0041;LATIN CAPITAL LETTER A
42;0042;LATIN CAPITAL LETTER B
43;0043;LATIN CAPITAL LETTER C
44;0044;LATIN CAPITAL LETTER D
45;0045;LATIN CAPITAL LETTER E
46;0046;LATIN CAPITAL LETTER F
47;0047;LATIN CAPITAL LETTER G
48;0048;LATIN CAPITAL LETTER H
49;0049;LATIN CAPITAL LETTER I
4A;004A;LATIN CAPITAL LETTER J
4B;004B;LATIN CAPITAL LETTER K
4C;004C;LATIN CAPITAL LETTER L
4D;004D;LATIN CAPITAL LETTER M
4E;004E;LATIN CAPITAL LETTER N
4F;004F;LATIN CAPITAL LETTER O
50;0050;LATIN CAPITAL LETTER P
51;0051;LATIN CAPITAL LETTER Q
52;0052;LATIN CAPITAL LETTER R
53;0053;LATIN CAPITAL LETTER S
54;0054;LATIN CAPITAL LETTER T
55;0055;LATIN CAPITAL LETTER U
56;0056;LATIN CAPITAL LETTER V
57;0057;LATIN CAPITAL LETTER W
58;0058;LATIN CAPITAL LETTER X
59;0059;LATIN CAPITAL LETTER Y
5A;005A;LATIN CAPITAL LETTER Z
5B;005B;LEFT SQUARE BRACKET
5C;005C;REVERSE SOLIDUS
5D;005D;RIGHT SQUARE BRACKET
5E;005E;CIRCUMFLEX ACCENT
5F;005F;LOW LINE
60;2018;LEFT SINGLE QUOTATION MARK
61;0061;LATIN SMALL LETTER A
62;0062;LATIN SMALL LETTER B
63;0063;LATIN SMALL LETTER C
64;0064;LATIN SMALL LETTER D
65;0065;LATIN SMALL LETTER E
66;0066;LATIN SMALL LETTER F
67;0067;LATIN SMALL LETTER G
68;0068;LATIN SMALL LETTER H
69;0069;LATIN SMALL LETTER I
6A;006A;LATIN SMALL LETTER J
6B;006B;LATIN SMALL LETTER K
6C;006C;LATIN SMALL LETTER L
6D;006D;LATIN SMALL LETTER M
6E;006E;LATIN SMALL LETTER N
6F;006F;LATIN SMALL LETTER O
70;0070;LATIN SMALL LETTER P
71;0071;LATIN SMALL LETTER Q
72;0072;LATIN SMALL LETTER R
73;0073;LATIN SMALL LETTER S
74;0074;LATIN SMALL LETTER T
75;0075;LATIN SMALL LETTER U
76;0076;LATIN SMALL LETTER V
77;0077;LATIN SMALL LETTER W
78;0078;LATIN SMALL LETTER X
79;0079;LATIN SMALL LETTER Y
7A;007A;LATIN SMALL LETTER Z
7B;007B;LEFT CURLY BRACKET
7C;007C;VERTICAL LINE
7D;007D;RIGHT CURLY BRACKET
7E;007E;TILDE
7F;002D;HYPHEN-MINUS
80;0490;CYRILLIC CAPITAL LETTER GHE WITH UPTURN
81;0492;CYRILLIC CAPITAL LETTER GHE WITH STROKE
82;0402;CYRILLIC CAPITAL LETTER DJE
83;040B;CYRILLIC CAPITAL LETTER TSHE
84;04BA;CYRILLIC CAPITAL LETTER SHHA
85;0496;CYRILLIC CAPITAL LETTER ZHE WITH DESCENDER
86;0498;CYRILLIC CAPITAL LETTER ZE WITH DESCENDER
87;0409;CYRILLIC CAPITAL LETTER LJE
88;0407;CYRILLIC CAPITAL LETTER YI
89;049A;CYRILLIC CAPITAL LETTER KA WITH DESCENDER
8A;04A0;CYRILLIC CAPITAL LETTER BASHKIR KA
8B;049C;CYRILLIC CAPITAL LETTER KA WITH VERTICAL STROKE
8C;04D4;CYRILLIC CAPITAL LIGATURE A IE
8D;04A2;CYRILLIC CAPITAL LETTER EN WITH DESCENDER
8E;04A4;CYRILLIC CAPITAL LIGATURE EN GHE
8F;0405;CYRILLIC CAPITAL LETTER DZE
90;04E8;CYRILLIC CAPITAL LETTER BARRED O
91;04AA;CYRILLIC CAPITAL LETTER ES WITH DESCENDER;?[direction of descender]
92;040E;CYRILLIC CAPITAL LETTER SHORT U
93;04AE;CYRILLIC CAPITAL LETTER STRAIGHT U
94;04B0;CYRILLIC CAPITAL LETTER STRAIGHT U WITH STROKE
95;04B2;CYRILLIC CAPITAL LETTER HA WITH DESCENDER
96;040F;CYRILLIC CAPITAL LETTER DZHE
97;04B8;CYRILLIC CAPITAL LETTER CHE WITH VERTICAL STROKE
98;04B6;CYRILLIC CAPITAL LETTER CHE WITH DESCENDER
99;0404;CYRILLIC CAPITAL LETTER UKRAINIAN IE
9A;04D8;CYRILLIC CAPITAL LETTER SCHWA
9B;040A;CYRILLIC CAPITAL LETTER NJE
9C;0401;CYRILLIC CAPITAL LETTER IO
9D;2116;NUMERO SIGN
9E;00A4;CURRENCY SIGN
9F;00A7;SECTION SIGN
A0;0491;CYRILLIC SMALL LETTER GHE WITH UPTURN
A1;0493;CYRILLIC SMALL LETTER GHE WITH STROKE
A2;0452;CYRILLIC SMALL LETTER DJE
A3;045B;CYRILLIC SMALL LETTER TSHE
A4;04BB;CYRILLIC SMALL LETTER SHHA
A5;0497;CYRILLIC SMALL LETTER ZHE WITH DESCENDER
A6;0499;CYRILLIC SMALL LETTER ZE WITH DESCENDER
A7;0459;CYRILLIC SMALL LETTER LJE
A8;0457;CYRILLIC SMALL LETTER YI
A9;049B;CYRILLIC SMALL LETTER KA WITH DESCENDER
AA;04A1;CYRILLIC SMALL LETTER BASHKIR KA
AB;049D;CYRILLIC SMALL LETTER KA WITH VERTICAL STROKE
AC;04D5;CYRILLIC SMALL LIGATURE A IE
AD;04A3;CYRILLIC SMALL LETTER EN WITH DESCENDER
AE;04A5;CYRILLIC SMALL LIGATURE EN GHE
AF;0455;CYRILLIC SMALL LETTER DZE
B0;04E9;CYRILLIC SMALL LETTER BARRED O
B1;04AB;CYRILLIC SMALL LETTER ES WITH DESCENDER;?[direction of descender]
B2;045E;CYRILLIC SMALL LETTER SHORT U
B3;04AF;CYRILLIC SMALL LETTER STRAIGHT U
B4;04B1;CYRILLIC SMALL LETTER STRAIGHT U WITH STROKE
B5;04B3;CYRILLIC SMALL LETTER HA WITH DESCENDER
B6;045F;CYRILLIC SMALL LETTER DZHE
B7;04B9;CYRILLIC SMALL LETTER CHE WITH VERTICAL STROKE
B8;04B7;CYRILLIC SMALL LETTER CHE WITH DESCENDER
B9;0454;CYRILLIC SMALL LETTER UKRAINIAN IE
BA;04D9;CYRILLIC SMALL LETTER SCHWA
BB;045A;CYRILLIC SMALL LETTER NJE
BC;0451;CYRILLIC SMALL LETTER IO
BD;201E;DOUBLE LOW-9 QUOTATION MARK
BE;00AB;LEFT-POINTING DOUBLE ANGLE QUOTATION MARK
BF;00BB;RIGHT-POINTING DOUBLE ANGLE QUOTATION MARK
C0;0410;CYRILLIC CAPITAL LETTER A
C1;0411;CYRILLIC CAPITAL LETTER BE
C2;0412;CYRILLIC CAPITAL LETTER VE
C3;0413;CYRILLIC CAPITAL LETTER GHE
C4;0414;CYRILLIC CAPITAL LETTER DE
C5;0415;CYRILLIC CAPITAL LETTER IE
C6;0416;CYRILLIC CAPITAL LETTER ZHE
C7;0417;CYRILLIC CAPITAL LETTER ZE
C8;0418;CYRILLIC CAPITAL LETTER I
C9;0419;CYRILLIC CAPITAL LETTER SHORT I
CA;041A;CYRILLIC CAPITAL LETTER KA
CB;041B;CYRILLIC CAPITAL LETTER EL
CC;041C;CYRILLIC CAPITAL LETTER EM
CD;041D;CYRILLIC CAPITAL LETTER EN
CE;041E;CYRILLIC CAPITAL LETTER O
CF;041F;CYRILLIC CAPITAL LETTER PE
D0;0420;CYRILLIC CAPITAL LETTER ER
D1;0421;CYRILLIC CAPITAL LETTER ES
D2;0422;CYRILLIC CAPITAL LETTER TE
D3;0423;CYRILLIC CAPITAL LETTER U
D4;0424;CYRILLIC CAPITAL LETTER EF
D5;0425;CYRILLIC CAPITAL LETTER HA
D6;0426;CYRILLIC CAPITAL LETTER TSE
D7;0427;CYRILLIC CAPITAL LETTER CHE
D8;0428;CYRILLIC CAPITAL LETTER SHA
D9;0429;CYRILLIC CAPITAL LETTER SHCHA
DA;042A;CYRILLIC CAPITAL LETTER HARD SIGN
DB;042B;CYRILLIC CAPITAL LETTER YERU
DC;042C;CYRILLIC CAPITAL LETTER SOFT SIGN
DD;042D;CYRILLIC CAPITAL LETTER E
DE;042E;CYRILLIC CAPITAL LETTER YU
DF;042F;CYRILLIC CAPITAL LETTER YA
E0;0430;CYRILLIC SMALL LETTER A
E1;0431;CYRILLIC SMALL LETTER BE
E2;0432;CYRILLIC SMALL LETTER VE
E3;0433;CYRILLIC SMALL LETTER GHE
E4;0434;CYRILLIC SMALL LETTER DE
E5;0435;CYRILLIC SMALL LETTER IE
E6;0436;CYRILLIC SMALL LETTER ZHE
E7;0437;CYRILLIC SMALL LETTER ZE
E8;0438;CYRILLIC SMALL LETTER I
E9;0439;CYRILLIC SMALL LETTER SHORT I
EA;043A;CYRILLIC SMALL LETTER KA
EB;043B;CYRILLIC SMALL LETTER EL
EC;043C;CYRILLIC SMALL LETTER EM
ED;043D;CYRILLIC SMALL LETTER EN
EE;043E;CYRILLIC SMALL LETTER O
EF;043F;CYRILLIC SMALL LETTER PE
F0;0440;CYRILLIC SMALL LETTER ER
F1;0441;CYRILLIC SMALL LETTER ES
F2;0442;CYRILLIC SMALL LETTER TE
F3;0443;CYRILLIC SMALL LETTER U
F4;0444;CYRILLIC SMALL LETTER EF
F5;0445;CYRILLIC SMALL LETTER HA
F6;0446;CYRILLIC SMALL LETTER TSE
F7;0447;CYRILLIC SMALL LETTER CHE
F8;0448;CYRILLIC SMALL LETTER SHA
F9;0449;CYRILLIC SMALL LETTER SHCHA
FA;044A;CYRILLIC SMALL LETTER HARD SIGN
FB;044B;CYRILLIC SMALL LETTER YERU
FC;044C;CYRILLIC SMALL LETTER SOFT SIGN
FD;044D;CYRILLIC SMALL LETTER E
FE;044E;CYRILLIC SMALL LETTER YU
FF;044F;CYRILLIC SMALL LETTER YA
