00;0060;GRAVE ACCENT
01;00B4;ACUTE ACCENT
02;02C6;MODIFIER LETTER CIRCUMFLEX ACCENT
03;02DC;SMALL TILDE
04;00A8;DIAERESIS
05;02DD;DOUBLE ACUTE ACCENT
06;02DA;RING ABOVE
07;02C7;CARON
08;02D8;BREVE
09;00AF;MACRON
0A;02D9;DOT ABOVE
0B;00B8;CEDILLA
0C;02DB;OGONEK
0D;04C0;CYRILLIC LETTER PALOCHKA
0E;2329;LEFT-POINTING ANGLE BRACKET
0F;232A;RIGHT-POINTING ANGLE BRACKET
10;201C;LEFT DOUBLE QUOTATION MARK
11;201D;RIGHT DOUBLE QUOTATION MARK
12;F6D5;CYRILLIC CIRCUMFLEX
# 12;F6D2;CAPITAL CYRILLIC CIRCUMFLEX
13;F6D6;DOUBLE GRAVE ACCENT
# 13;F6D3;CAPITAL DOUBLE GRAVE ACCENT
# 13;030F;COMBINING DOUBLE GRAVE ACCENT
14;F6D4;CYRILLIC BREVE
# 14;F6D1;CAPITAL CYRILLIC BREVE
15;2013;EN DASH
16;2014;EM DASH
# 16;;CYRILLIC EM DASH
17;FEFF;ZERO WIDTH NO-BREAK SPACE
18;;PERTHOUSAND ZERO
# 18;2080;SUBSCRIPT ZERO
19;02CE;MODIFIER LETTER LOW GRAVE ACCENT;?[grave-cross]
1A;02CF;MODIFIER LETTER LOW ACUTE ACCENT;?[acute-cross]
1B;0335;COMBINING SHORT STROKE OVERLAY;?[hcross]
1C;;CYRILLIC CAPITAL LETTER DELTA
1D;;CYRILLIC SMALL LETTER DELTA
1E;;CYRILLIC CAPITAL LETTER EN WITH LEFT HOOK
1F;;CYRILLIC SMALL LETTER EN WITH LEFT HOOK
20;;BLANK-SPACE SIGN
# 20;2423;OPEN BOX
21;0021;EXCLAMATION MARK
22;0022;QUOTATION MARK
23;0023;NUMBER SIGN
24;0024;DOLLAR SIGN
25;0025;PERCENT SIGN
26;0026;AMPERSAND
27;2019;RIGHT SINGLE QUOTATION MARK
# 27;0027;APOSTROPHE
28;0028;LEFT PARENTHESIS
29;0029;RIGHT PARENTHESIS
2A;002A;ASTERISK
2B;002B;PLUS SIGN
2C;002C;COMMA
2D;002D;HYPHEN-MINUS
2E;002E;FULL STOP
2F;002F;SOLIDUS
30;0030;DIGIT ZERO
31;0031;DIGIT ONE
32;0032;DIGIT TWO
33;0033;DIGIT THREE
34;0034;DIGIT FOUR
35;0035;DIGIT FIVE
36;0036;DIGIT SIX
37;0037;DIGIT SEVEN
38;0038;DIGIT EIGHT
39;0039;DIGIT NINE
3A;003A;COLON
3B;003B;SEMICOLON
3C;003C;LESS-THAN SIGN
3D;003D;EQUALS SIGN
3E;003E;GREATER-THAN SIGN
3F;003F;QUESTION MARK
40;0040;COMMERCIAL AT
41;04D4;CYRILLIC CAPITAL LIGATURE A IE
42;0402;CYRILLIC CAPITAL LETTER DJE
43;040B;CYRILLIC CAPITAL LETTER TSHE
44;04BC;CYRILLIC CAPITAL LETTER ABKHASIAN CHE
45;04BE;CYRILLIC CAPITAL LETTER ABKHASIAN CHE WITH DESCENDER
46;049C;CYRILLIC CAPITAL LETTER KA WITH VERTICAL STROKE
47;049E;CYRILLIC CAPITAL LETTER KA WITH STROKE
48;;CYRILLIC CAPITAL LETTER EL WITH DESCENDER
49;0406;CYRILLIC CAPITAL LETTER BYELORUSSIAN-UKRAINIAN I
4A;0408;CYRILLIC CAPITAL LETTER JE
4B;0409;CYRILLIC CAPITAL LETTER LJE
4C;;CYRILLIC CAPITAL LETTER EM WITH DESCENDER
4D;040A;CYRILLIC CAPITAL LETTER NJE
4E;04A8;CYRILLIC CAPITAL LETTER ABKHASIAN HA
4F;04A6;CYRILLIC CAPITAL LETTER PE WITH MIDDLE HOOK
50;;CYRILLIC CAPITAL LETTER ER WITH DESCENDER
51;;CYRILLIC CAPITAL LETTER Q
52;04AC;CYRILLIC CAPITAL LETTER TE WITH DESCENDER
53;0405;CYRILLIC CAPITAL LETTER DZE
54;04B4;CYRILLIC CAPITAL LIGATURE TE TSE
55;040F;CYRILLIC CAPITAL LETTER DZHE
56;04B8;CYRILLIC CAPITAL LETTER CHE WITH VERTICAL STROKE
57;;CYRILLIC CAPITAL LETTER W
58;0462;CYRILLIC CAPITAL LETTER YAT
# 58;048C;CYRILLIC CAPITAL LETTER SEMISOFT SIGN;shared slot
59;046A;CYRILLIC CAPITAL LETTER BIG YUS
5A;0474;CYRILLIC CAPITAL LETTER IZHITSA
5B;005B;LEFT SQUARE BRACKET
5C;005C;REVERSE SOLIDUS
5D;005D;RIGHT SQUARE BRACKET
5E;005E;CIRCUMFLEX ACCENT
5F;005F;LOW LINE
60;2018;LEFT SINGLE QUOTATION MARK
61;04D5;CYRILLIC SMALL LIGATURE A IE
62;0452;CYRILLIC SMALL LETTER DJE
63;045B;CYRILLIC SMALL LETTER TSHE
64;04BD;CYRILLIC SMALL LETTER ABKHASIAN CHE
65;04BF;CYRILLIC SMALL LETTER ABKHASIAN CHE WITH DESCENDER
66;049D;CYRILLIC SMALL LETTER KA WITH VERTICAL STROKE
67;049F;CYRILLIC SMALL LETTER KA WITH STROKE
68;;CYRILLIC SMALL LETTER EL WITH DESCENDER
69;0456;CYRILLIC SMALL LETTER BYELORUSSIAN-UKRAINIAN I
6A;0458;CYRILLIC SMALL LETTER JE
6B;0459;CYRILLIC SMALL LETTER LJE
6C;;CYRILLIC SMALL LETTER EM WITH DESCENDER
6D;045A;CYRILLIC SMALL LETTER NJE
6E;04A9;CYRILLIC SMALL LETTER ABKHASIAN HA
6F;04A7;CYRILLIC SMALL LETTER PE WITH MIDDLE HOOK
70;;CYRILLIC SMALL LETTER ER WITH DESCENDER
71;;CYRILLIC SMALL LETTER Q
72;04AD;CYRILLIC SMALL LETTER TE WITH DESCENDER
73;0455;CYRILLIC SMALL LETTER DZE
74;04B5;CYRILLIC SMALL LIGATURE TE TSE
75;045F;CYRILLIC SMALL LETTER DZHE
76;04B9;CYRILLIC SMALL LETTER CHE WITH VERTICAL STROKE
77;;CYRILLIC SMALL LETTER W
78;0463;CYRILLIC SMALL LETTER YAT
# 78;048D;CYRILLIC SMALL LETTER SEMISOFT SIGN;shared slot
79;046B;CYRILLIC SMALL LETTER BIG YUS
7A;0475;CYRILLIC SMALL LETTER IZHITSA
7B;007B;LEFT CURLY BRACKET
7C;007C;VERTICAL LINE
7D;007D;RIGHT CURLY BRACKET
7E;007E;TILDE
7F;002D;HYPHEN-MINUS
80;0490;CYRILLIC CAPITAL LETTER GHE WITH UPTURN
81;0492;CYRILLIC CAPITAL LETTER GHE WITH STROKE
82;;CYRILLIC CAPITAL LETTER GHE WITH DESCENDER
83;0494;CYRILLIC CAPITAL LETTER GHE WITH MIDDLE HOOK
84;04BA;CYRILLIC CAPITAL LETTER SHHA
85;0496;CYRILLIC CAPITAL LETTER ZHE WITH DESCENDER
86;0498;CYRILLIC CAPITAL LETTER ZE WITH DESCENDER
87;04E0;CYRILLIC CAPITAL LETTER ABKHASIAN DZE
88;0407;CYRILLIC CAPITAL LETTER YI
89;049A;CYRILLIC CAPITAL LETTER KA WITH DESCENDER
8A;04A0;CYRILLIC CAPITAL LETTER BASHKIR KA
8B;04C3;CYRILLIC CAPITAL LETTER KA WITH HOOK
8C;;CYRILLIC CAPITAL LETTER EL WITH HOOK
8D;04A2;CYRILLIC CAPITAL LETTER EN WITH DESCENDER
8E;04A4;CYRILLIC CAPITAL LIGATURE EN GHE
8F;04C7;CYRILLIC CAPITAL LETTER EN WITH HOOK
90;04E8;CYRILLIC CAPITAL LETTER BARRED O
# 90;0472;CYRILLIC CAPITAL LETTER FITA;shared slot
91;04AA;CYRILLIC CAPITAL LETTER ES WITH DESCENDER;?[direction of descender]
92;040E;CYRILLIC CAPITAL LETTER SHORT U
93;04AE;CYRILLIC CAPITAL LETTER STRAIGHT U
94;04B0;CYRILLIC CAPITAL LETTER STRAIGHT U WITH STROKE
95;04B2;CYRILLIC CAPITAL LETTER HA WITH DESCENDER
96;;CYRILLIC CAPITAL LETTER HA WITH HOOK
97;04CB;CYRILLIC CAPITAL LETTER KHAKASSIAN CHE
98;04B6;CYRILLIC CAPITAL LETTER CHE WITH DESCENDER
99;0404;CYRILLIC CAPITAL LETTER UKRAINIAN IE
9A;04D8;CYRILLIC CAPITAL LETTER SCHWA
9B;;CYRILLIC CAPITAL LETTER EPSILON
9C;0401;CYRILLIC CAPITAL LETTER IO
9D;2116;NUMERO SIGN
9E;00A4;CURRENCY SIGN
9F;00A7;SECTION SIGN
A0;0491;CYRILLIC SMALL LETTER GHE WITH UPTURN
A1;0493;CYRILLIC SMALL LETTER GHE WITH STROKE
A2;;CYRILLIC SMALL LETTER GHE WITH DESCENDER
A3;0495;CYRILLIC SMALL LETTER GHE WITH MIDDLE HOOK
A4;04BB;CYRILLIC SMALL LETTER SHHA
A5;0497;CYRILLIC SMALL LETTER ZHE WITH DESCENDER
A6;0499;CYRILLIC SMALL LETTER ZE WITH DESCENDER
A7;04E1;CYRILLIC SMALL LETTER ABKHASIAN DZE
A8;0457;CYRILLIC SMALL LETTER YI
A9;049B;CYRILLIC SMALL LETTER KA WITH DESCENDER
AA;04A1;CYRILLIC SMALL LETTER BASHKIR KA
AB;04C4;CYRILLIC SMALL LETTER KA WITH HOOK
AC;;CYRILLIC SMALL LETTER EL WITH HOOK
AD;04A3;CYRILLIC SMALL LETTER EN WITH DESCENDER
AE;04A5;CYRILLIC SMALL LIGATURE EN GHE
AF;04C8;CYRILLIC SMALL LETTER EN WITH HOOK
B0;04E9;CYRILLIC SMALL LETTER BARRED O
# B0;0473;CYRILLIC SMALL LETTER FITA;shared slot
B1;04AB;CYRILLIC SMALL LETTER ES WITH DESCENDER;?[direction of descender]
B2;045E;CYRILLIC SMALL LETTER SHORT U
B3;04AF;CYRILLIC SMALL LETTER STRAIGHT U
B4;04B1;CYRILLIC SMALL LETTER STRAIGHT U WITH STROKE
B5;04B3;CYRILLIC SMALL LETTER HA WITH DESCENDER
B6;;CYRILLIC SMALL LETTER HA WITH HOOK
B7;04CC;CYRILLIC SMALL LETTER KHAKASSIAN CHE
B8;04B7;CYRILLIC SMALL LETTER CHE WITH DESCENDER
B9;0454;CYRILLIC SMALL LETTER UKRAINIAN IE
BA;04D9;CYRILLIC SMALL LETTER SCHWA
BB;;CYRILLIC SMALL LETTER EPSILON
BC;0451;CYRILLIC SMALL LETTER IO
BD;201E;DOUBLE LOW-9 QUOTATION MARK
BE;00AB;LEFT-POINTING DOUBLE ANGLE QUOTATION MARK
BF;00BB;RIGHT-POINTING DOUBLE ANGLE QUOTATION MARK
C0;0410;CYRILLIC CAPITAL LETTER A
C1;0411;CYRILLIC CAPITAL LETTER BE
C2;0412;CYRILLIC CAPITAL LETTER VE
C3;0413;CYRILLIC CAPITAL LETTER GHE
C4;0414;CYRILLIC CAPITAL LETTER DE
C5;0415;CYRILLIC CAPITAL LETTER IE
C6;0416;CYRILLIC CAPITAL LETTER ZHE
C7;0417;CYRILLIC CAPITAL LETTER ZE
C8;0418;CYRILLIC CAPITAL LETTER I
C9;0419;CYRILLIC CAPITAL LETTER SHORT I
CA;041A;CYRILLIC CAPITAL LETTER KA
CB;041B;CYRILLIC CAPITAL LETTER EL
CC;041C;CYRILLIC CAPITAL LETTER EM
CD;041D;CYRILLIC CAPITAL LETTER EN
CE;041E;CYRILLIC CAPITAL LETTER O
CF;041F;CYRILLIC CAPITAL LETTER PE
D0;0420;CYRILLIC CAPITAL LETTER ER
D1;0421;CYRILLIC CAPITAL LETTER ES
D2;0422;CYRILLIC CAPITAL LETTER TE
D3;0423;CYRILLIC CAPITAL LETTER U
D4;0424;CYRILLIC CAPITAL LETTER EF
D5;0425;CYRILLIC CAPITAL LETTER HA
D6;0426;CYRILLIC CAPITAL LETTER TSE
D7;0427;CYRILLIC CAPITAL LETTER CHE
D8;0428;CYRILLIC CAPITAL LETTER SHA
D9;0429;CYRILLIC CAPITAL LETTER SHCHA
DA;042A;CYRILLIC CAPITAL LETTER HARD SIGN
DB;042B;CYRILLIC CAPITAL LETTER YERU
DC;042C;CYRILLIC CAPITAL LETTER SOFT SIGN
DD;042D;CYRILLIC CAPITAL LETTER E
DE;042E;CYRILLIC CAPITAL LETTER YU
DF;042F;CYRILLIC CAPITAL LETTER YA
E0;0430;CYRILLIC SMALL LETTER A
E1;0431;CYRILLIC SMALL LETTER BE
E2;0432;CYRILLIC SMALL LETTER VE
E3;0433;CYRILLIC SMALL LETTER GHE
E4;0434;CYRILLIC SMALL LETTER DE
E5;0435;CYRILLIC SMALL LETTER IE
E6;0436;CYRILLIC SMALL LETTER ZHE
E7;0437;CYRILLIC SMALL LETTER ZE
E8;0438;CYRILLIC SMALL LETTER I
E9;0439;CYRILLIC SMALL LETTER SHORT I
EA;043A;CYRILLIC SMALL LETTER KA
EB;043B;CYRILLIC SMALL LETTER EL
EC;043C;CYRILLIC SMALL LETTER EM
ED;043D;CYRILLIC SMALL LETTER EN
EE;043E;CYRILLIC SMALL LETTER O
EF;043F;CYRILLIC SMALL LETTER PE
F0;0440;CYRILLIC SMALL LETTER ER
F1;0441;CYRILLIC SMALL LETTER ES
F2;0442;CYRILLIC SMALL LETTER TE
F3;0443;CYRILLIC SMALL LETTER U
F4;0444;CYRILLIC SMALL LETTER EF
F5;0445;CYRILLIC SMALL LETTER HA
F6;0446;CYRILLIC SMALL LETTER TSE
F7;0447;CYRILLIC SMALL LETTER CHE
F8;0448;CYRILLIC SMALL LETTER SHA
F9;0449;CYRILLIC SMALL LETTER SHCHA
FA;044A;CYRILLIC SMALL LETTER HARD SIGN
FB;044B;CYRILLIC SMALL LETTER YERU
FC;044C;CYRILLIC SMALL LETTER SOFT SIGN
FD;044D;CYRILLIC SMALL LETTER E
FE;044E;CYRILLIC SMALL LETTER YU
FF;044F;CYRILLIC SMALL LETTER YA
